/usr/lib/python3/dist-packages/setuptools/dist.py:723: UserWarning: Usage of dash-separated 'script-dir' will not be supported in future versions. Please use the underscore name 'script_dir' instead
  warnings.warn(
running develop
running egg_info
creating aruco_localisation.egg-info
writing aruco_localisation.egg-info/PKG-INFO
writing dependency_links to aruco_localisation.egg-info/dependency_links.txt
writing entry points to aruco_localisation.egg-info/entry_points.txt
writing requirements to aruco_localisation.egg-info/requires.txt
writing top-level names to aruco_localisation.egg-info/top_level.txt
writing manifest file 'aruco_localisation.egg-info/SOURCES.txt'
reading manifest file 'aruco_localisation.egg-info/SOURCES.txt'
writing manifest file 'aruco_localisation.egg-info/SOURCES.txt'
running build_ext
Creating /home/fontan/aruco-localisation-lowlight/aruco-localisation-lowlight/install/aruco_localisation/lib/python3.10/site-packages/aruco-localisation.egg-link (link to .)
Installing detector script to /home/fontan/aruco-localisation-lowlight/aruco-localisation-lowlight/install/aruco_localisation/lib/aruco_localisation
Installing optitrack_transform script to /home/fontan/aruco-localisation-lowlight/aruco-localisation-lowlight/install/aruco_localisation/lib/aruco_localisation
Installing tf_publisher script to /home/fontan/aruco-localisation-lowlight/aruco-localisation-lowlight/install/aruco_localisation/lib/aruco_localisation

Installed /home/fontan/aruco-localisation-lowlight/aruco-localisation-lowlight/build/aruco_localisation
running symlink_data
creating /home/fontan/aruco-localisation-lowlight/aruco-localisation-lowlight/install/aruco_localisation/share/ament_index
creating /home/fontan/aruco-localisation-lowlight/aruco-localisation-lowlight/install/aruco_localisation/share/ament_index/resource_index
creating /home/fontan/aruco-localisation-lowlight/aruco-localisation-lowlight/install/aruco_localisation/share/ament_index/resource_index/packages
symbolically linking /home/fontan/aruco-localisation-lowlight/aruco-localisation-lowlight/build/aruco_localisation/resource/aruco_localisation -> /home/fontan/aruco-localisation-lowlight/aruco-localisation-lowlight/install/aruco_localisation/share/ament_index/resource_index/packages
symbolically linking /home/fontan/aruco-localisation-lowlight/aruco-localisation-lowlight/build/aruco_localisation/package.xml -> /home/fontan/aruco-localisation-lowlight/aruco-localisation-lowlight/install/aruco_localisation/share/aruco_localisation
creating /home/fontan/aruco-localisation-lowlight/aruco-localisation-lowlight/install/aruco_localisation/share/aruco_localisation/launch
symbolically linking /home/fontan/aruco-localisation-lowlight/aruco-localisation-lowlight/build/aruco_localisation/launch/aruco_localisation.launch.py -> /home/fontan/aruco-localisation-lowlight/aruco-localisation-lowlight/install/aruco_localisation/share/aruco_localisation/launch
creating /home/fontan/aruco-localisation-lowlight/aruco-localisation-lowlight/install/aruco_localisation/share/aruco_localisation/config
symbolically linking /home/fontan/aruco-localisation-lowlight/aruco-localisation-lowlight/build/aruco_localisation/config/params.yaml -> /home/fontan/aruco-localisation-lowlight/aruco-localisation-lowlight/install/aruco_localisation/share/aruco_localisation/config
