[0.674s] Invoking command in '/home/fontan/aruco-localisation-lowlight/aruco-localisation-lowlight/build/aruco_localisation': PYTHONPATH=/home/fontan/aruco-localisation-lowlight/aruco-localisation-lowlight/build/aruco_localisation/prefix_override:/usr/lib/python3/dist-packages/colcon_core/task/python/colcon_distutils_commands:/home/fontan/aruco-localisation-lowlight/aruco-localisation-lowlight/install/aruco_localisation/lib/python3.10/site-packages:${PYTHONPATH} /usr/bin/python3 -W ignore:setup.py install is deprecated -W ignore:easy_install command is deprecated setup.py develop --editable --build-directory /home/fontan/aruco-localisation-lowlight/aruco-localisation-lowlight/build/aruco_localisation/build --no-deps symlink_data
[0.940s] /usr/lib/python3/dist-packages/setuptools/dist.py:723: UserWarning: Usage of dash-separated 'script-dir' will not be supported in future versions. Please use the underscore name 'script_dir' instead
[0.940s]   warnings.warn(
[0.967s] running develop
[1.184s] running egg_info
[1.184s] creating aruco_localisation.egg-info
[1.184s] writing aruco_localisation.egg-info/PKG-INFO
[1.185s] writing dependency_links to aruco_localisation.egg-info/dependency_links.txt
[1.185s] writing entry points to aruco_localisation.egg-info/entry_points.txt
[1.185s] writing requirements to aruco_localisation.egg-info/requires.txt
[1.185s] writing top-level names to aruco_localisation.egg-info/top_level.txt
[1.185s] writing manifest file 'aruco_localisation.egg-info/SOURCES.txt'
[1.187s] reading manifest file 'aruco_localisation.egg-info/SOURCES.txt'
[1.188s] writing manifest file 'aruco_localisation.egg-info/SOURCES.txt'
[1.189s] running build_ext
[1.189s] Creating /home/fontan/aruco-localisation-lowlight/aruco-localisation-lowlight/install/aruco_localisation/lib/python3.10/site-packages/aruco-localisation.egg-link (link to .)
[1.190s] Installing detector script to /home/fontan/aruco-localisation-lowlight/aruco-localisation-lowlight/install/aruco_localisation/lib/aruco_localisation
[1.190s] Installing optitrack_transform script to /home/fontan/aruco-localisation-lowlight/aruco-localisation-lowlight/install/aruco_localisation/lib/aruco_localisation
[1.190s] Installing tf_publisher script to /home/fontan/aruco-localisation-lowlight/aruco-localisation-lowlight/install/aruco_localisation/lib/aruco_localisation
[1.190s] 
[1.191s] Installed /home/fontan/aruco-localisation-lowlight/aruco-localisation-lowlight/build/aruco_localisation
[1.191s] running symlink_data
[1.191s] creating /home/fontan/aruco-localisation-lowlight/aruco-localisation-lowlight/install/aruco_localisation/share/ament_index
[1.191s] creating /home/fontan/aruco-localisation-lowlight/aruco-localisation-lowlight/install/aruco_localisation/share/ament_index/resource_index
[1.191s] creating /home/fontan/aruco-localisation-lowlight/aruco-localisation-lowlight/install/aruco_localisation/share/ament_index/resource_index/packages
[1.191s] symbolically linking /home/fontan/aruco-localisation-lowlight/aruco-localisation-lowlight/build/aruco_localisation/resource/aruco_localisation -> /home/fontan/aruco-localisation-lowlight/aruco-localisation-lowlight/install/aruco_localisation/share/ament_index/resource_index/packages
[1.191s] symbolically linking /home/fontan/aruco-localisation-lowlight/aruco-localisation-lowlight/build/aruco_localisation/package.xml -> /home/fontan/aruco-localisation-lowlight/aruco-localisation-lowlight/install/aruco_localisation/share/aruco_localisation
[1.192s] creating /home/fontan/aruco-localisation-lowlight/aruco-localisation-lowlight/install/aruco_localisation/share/aruco_localisation/launch
[1.192s] symbolically linking /home/fontan/aruco-localisation-lowlight/aruco-localisation-lowlight/build/aruco_localisation/launch/aruco_localisation.launch.py -> /home/fontan/aruco-localisation-lowlight/aruco-localisation-lowlight/install/aruco_localisation/share/aruco_localisation/launch
[1.192s] creating /home/fontan/aruco-localisation-lowlight/aruco-localisation-lowlight/install/aruco_localisation/share/aruco_localisation/config
[1.192s] symbolically linking /home/fontan/aruco-localisation-lowlight/aruco-localisation-lowlight/build/aruco_localisation/config/params.yaml -> /home/fontan/aruco-localisation-lowlight/aruco-localisation-lowlight/install/aruco_localisation/share/aruco_localisation/config
[1.215s] Invoked command in '/home/fontan/aruco-localisation-lowlight/aruco-localisation-lowlight/build/aruco_localisation' returned '0': PYTHONPATH=/home/fontan/aruco-localisation-lowlight/aruco-localisation-lowlight/build/aruco_localisation/prefix_override:/usr/lib/python3/dist-packages/colcon_core/task/python/colcon_distutils_commands:/home/fontan/aruco-localisation-lowlight/aruco-localisation-lowlight/install/aruco_localisation/lib/python3.10/site-packages:${PYTHONPATH} /usr/bin/python3 -W ignore:setup.py install is deprecated -W ignore:easy_install command is deprecated setup.py develop --editable --build-directory /home/fontan/aruco-localisation-lowlight/aruco-localisation-lowlight/build/aruco_localisation/build --no-deps symlink_data
